[?1h=
                                               < M A T L A B (R) >
                                     Copyright 1984-2026 The MathWorks, Inc.
                           R2026a Prerelease Update 3 (26.1.0.3133997) 64-bit (maca64)
                                                 January 16, 2026

 
To get started, type doc.
For product information, visit www.mathworks.com.
 

	Prerelease License -- for engineering feedback and testing
	purposes only. Not for sale.

[H[2J
=== Key dimensionless parameters ===
pp.n_glen  = 1
pp.n_slide = 1
pp.A_glen  = 1.0000e+00 (always 1 from nevis_add_parameters_ice)
pp.mu      = 5.0000e+00
pp.c60     = 1.0000e+00 (driving stress)
pp.c61     = 1.0000e+00 (friction)
pp.c62     = 2.0000e-01 (membrane stress, controlled by eps=0.20)
pp.C (default) = 1.0000e-01
pp.C2      = 0.0000e+00
================================

Excluded 283 ebdy + 282 fbdy Dirichlet edges from misfit

========================================
Starting iterative C-N coupled inversion
Max outer iterations: 5
========================================


╔════════════════════════════════════════╗
║  OUTER ITERATION 1/5                  ║
╚════════════════════════════════════════╝

Testing objective at initial point...
NaN in u_obs(ein2): 4 / 9644
NaN in v_obs(fin2): 12 / 9702
NaN in N_current: 3873 / 13884
NaN in c0: 0 / 13884
  After masking: obs_mask_e sum = 9640, obs_mask_f sum = 9690
Adaptive regularization: weight range [0.190, 1.000]
  J(c0) = 2.096643e+03, norm(g) = 7.392550e+00
Starting C-field inversion (continuation) with current N...

--- Stage 1/5: alpha=1.000e-03, gamma=1.000e-06 ---
                                                        First-order 
 Iteration  Func-count       f(x)        Step-size       optimality
     0           1          2096.64                         0.202
     1           4          1218.76        24.4149           1.96  
     2           5          1072.79              1           3.84  
     3           6          919.852              1           1.24  
     4           7          877.753              1          0.225  
     5           8          836.146              1            1.2  
     6           9           800.11              1           0.51  
     7          10          782.681              1          0.557  
     8          11          765.238              1          0.377  
     9          12          757.411              1          0.248  
    10          13          745.037              1          0.251  
    11          14          740.677              1          0.553  
    12          15           731.02              1          0.152  
    13          16          728.371              1          0.136  
    14          17          724.949              1          0.126  
    15          18          721.504              1           0.27  
    16          19          719.468              1         0.0915  
    17          20          717.721              1         0.0769  
    18          21          716.694              1         0.0626  
    19          22          715.401              1         0.0631  
                                                        First-order 
 Iteration  Func-count       f(x)        Step-size       optimality
    20          23          715.182              1          0.113  
    21          24          713.443              1         0.0569  
    22          25           713.05              1         0.0513  
    23          26          712.387              1         0.0501  
    24          27          711.702              1         0.0495  
    25          28          711.195              1         0.0415  

Solver stopped prematurely.

fminunc stopped because it exceeded the iteration limit,
options.MaxIterations = 2.500000e+01.

Stage 1 done: J=7.111948e+02, firstorderopt=4.148e-02, iters=25 (total=25)

--- Stage 2/5: alpha=1.000e-04, gamma=1.000e-07 ---
                                                        First-order 
 Iteration  Func-count       f(x)        Step-size       optimality
     0           1          667.271                         0.229
     1           3          663.258             10          0.106  
     2           4          658.592              1          0.179  
     3           5          654.665              1          0.189  
     4           6            648.1              1          0.157  
     5           7          646.461              1           0.14  
     6           8          644.177              1         0.0904  
     7           9          641.774              1          0.123  
     8          10          640.749              1         0.0475  
     9          11          639.881              1         0.0859  
    10          12          638.924              1         0.0374  
    11          13          638.392              1          0.114  
    12          14          637.751              1         0.0186  
    13          15          637.535              1         0.0219  
    14          16          637.235              1         0.0351  
    15          17          636.936              1         0.0464  
    16          18          636.677              1         0.0176  
    17          19          636.566              1         0.0113  
    18          20          636.446              1         0.0193  
    19          21          636.325              1         0.0206  
                                                        First-order 
 Iteration  Func-count       f(x)        Step-size       optimality
    20          22          636.167              1          0.011  
    21          23          636.093              1          0.028  
    22          24          635.987              1         0.0123  
    23          25          635.918              1        0.00767  
    24          26          635.857              1        0.00836  
    25          27          635.739              1         0.0112  

Solver stopped prematurely.

fminunc stopped because it exceeded the iteration limit,
options.MaxIterations = 2.500000e+01.

Stage 2 done: J=6.357394e+02, firstorderopt=1.117e-02, iters=25 (total=50)

--- Stage 3/5: alpha=1.000e-05, gamma=1.000e-08 ---
                                                        First-order 
 Iteration  Func-count       f(x)        Step-size       optimality
     0           1          618.858                        0.0494
     1           3          618.391             10         0.0348  
     2           4          617.334              1         0.0851  
     3           5           615.92              1         0.0949  
     4           6          614.449              1         0.0738  
     5           7          614.031              1         0.0503  
     6           8          613.501              1         0.0362  
     7           9          612.728              1         0.0355  
     8          10          612.029              1         0.0601  
     9          11          611.377              1         0.0346  
    10          12          611.032              1         0.0295  
    11          13          610.765              1         0.0269  
    12          14          610.558              1         0.0468  
    13          15          610.357              1         0.0298  
    14          16           610.18              1         0.0271  
    15          17          610.042              1         0.0267  
    16          18          609.933              1         0.0284  
    17          19          609.828              1         0.0299  
    18          20           609.75              1         0.0245  
    19          21          609.645              1         0.0222  
                                                        First-order 
 Iteration  Func-count       f(x)        Step-size       optimality
    20          22           609.49              1         0.0198  
    21          24          609.406       0.496879         0.0192  
    22          25          609.312              1         0.0103  
    23          26          609.261              1         0.0124  
    24          27            609.2              1         0.0193  
    25          28          609.161              1         0.0245  

Solver stopped prematurely.

fminunc stopped because it exceeded the iteration limit,
options.MaxIterations = 2.500000e+01.

Stage 3 done: J=6.091605e+02, firstorderopt=2.450e-02, iters=25 (total=75)

--- Stage 4/5: alpha=1.000e-06, gamma=1.000e-09 ---
                                                        First-order 
 Iteration  Func-count       f(x)        Step-size       optimality
     0           1          603.714                        0.0198
     1           3          603.664        6.03689         0.0113  
     2           4          603.596              1         0.0168  
     3           5           603.47              1         0.0231  
     4           6          603.223              1         0.0397  
     5           7          602.898              1         0.0548  
     6           8          602.606              1         0.0479  
     7           9          602.404              1         0.0332  
     8          10          602.291              1         0.0163  
     9          11          602.184              1         0.0256  
    10          12          602.088              1         0.0304  
    11          13          602.012              1         0.0267  
    12          14          601.919              1         0.0234  
    13          15          601.854              1         0.0187  
    14          16          601.794              1         0.0172  
    15          17          601.712              1         0.0274  
    16          18          601.646              1          0.033  
    17          19          601.599              1         0.0196  
    18          20           601.55              1         0.0159  
    19          21          601.507              1         0.0146  
                                                        First-order 
 Iteration  Func-count       f(x)        Step-size       optimality
    20          22           601.44              1         0.0196  
    21          23          601.379              1         0.0145  
    22          24           601.35              1        0.00785  
    23          25          601.318              1        0.00855  
    24          26          601.292              1        0.00781  
    25          27           601.26              1          0.029  

Solver stopped prematurely.

fminunc stopped because it exceeded the iteration limit,
options.MaxIterations = 2.500000e+01.

Stage 4 done: J=6.012603e+02, firstorderopt=2.901e-02, iters=25 (total=100)

--- Stage 5/5: alpha=1.000e-07, gamma=1.000e-10 ---
                                                        First-order 
 Iteration  Func-count       f(x)        Step-size       optimality
     0           1           599.79                        0.0287
     1           3          599.764        7.01567         0.0115  
     2           4           599.75              1        0.00729  
     3           5          599.737              1        0.00905  
     4           6          599.711              1        0.00875  
     5           8          599.699       0.367409          0.014  
     6           9          599.678              1         0.0104  
     7          10          599.649              1         0.0116  
     8          11          599.597              1         0.0143  
     9          12          599.558              1         0.0359  
    10          13          599.477              1         0.0151  
    11          14          599.433              1          0.011  
    12          15          599.396              1        0.00968  
    13          16          599.357              1          0.032  
    14          17          599.327              1        0.00593  
    15          18          599.315              1        0.00559  
    16          19          599.298              1          0.013  
    17          20           599.29              1         0.0122  
    18          21          599.283              1        0.00666  
    19          22          599.274              1        0.00474  
                                                        First-order 
 Iteration  Func-count       f(x)        Step-size       optimality
    20          23          599.265              1        0.00911  
    21          24          599.253              1         0.0121  
    22          25          599.236              1        0.00896  
    23          26          599.222              1        0.00641  
    24          27          599.209              1         0.0121  
    25          28           599.19              1          0.011  

Solver stopped prematurely.

fminunc stopped because it exceeded the iteration limit,
options.MaxIterations = 2.500000e+01.

Stage 5 done: J=5.991904e+02, firstorderopt=1.101e-02, iters=25 (total=125)

C relative change: 2.4181e+07
  Saved intermediate results to C_inversion_outer1.mat
Running forward model to update N...
[Warning: Directory already exists.] 
[> In nevis_run_fwd_hydrology (line 23)
In nevis_C_inversion (line 453)] 
nevis_grid: Setting up grid ...
  156-by-89 nodes
  1 vertical layers
  -7.995<x<5.955, -4.9923<y<2.9277
nevis_grid: Done
nevis_label_ice: Stress-free BCs on irregular mask boundary
  Starting from k_f=0.9 initial condition
[H[2JInitial residual: 14331.3205
Volume of the blister is 0.
The most negative effective pressure is 0.0001.
Max thickness of the blister is 0.
Min thickness of the blister is 0.
Radius of the blister is 0.
Leftmost position of the blister is -3.225.
Mean velocity of the ice sheet is 48.2956 m/yr.
Mean effective pressure within the domain is 0.83459 MPa.
nevis_timesteps: Done
nevis_timesteps: Saving ./results/n2d_region_ice_inversion_test/0001 ...
nevis_timesteps: Done
nevis_timesteps: dt = 0.0041667 ...
